✅ SendGrid notification provider configured successfully
   From email: tcsteggroup@gmail.com
   API key: SG.UB26Twh...DVQE
✅ RBAC module configured
✅ Algolia search plugin configured
[32minfo[39m:    redisUrl not found. A fake redis instance will be used.
[32minfo[39m:    Using flag MEDUSA_FF_RBAC from environment with value true
[32minfo[39m:    No link to load from /Users/kannanramakrishnan/UnifiedCommerce/unifiedcommerce-store/node_modules/@medusajs/draft-order/.medusa/server/src/links. skipped.
[32minfo[39m:    No link to load from /Users/kannanramakrishnan/UnifiedCommerce/unifiedcommerce-store/node_modules/medusa-plugin-algolia/.medusa/server/src/links. skipped.
[32minfo[39m:    Running migrations...
[32minfo[39m:    
[32minfo[39m:    
[32minfo[39m:    MODULE: wishlistModuleService
[32minfo[39m:    Skipped. Database is up-to-date for module.
[32minfo[39m:    
[32minfo[39m:    
[32minfo[39m:    MODULE: stock_location
[32minfo[39m:    Skipped. Database is up-to-date for module.
[32minfo[39m:    
[32minfo[39m:    
[32minfo[39m:    MODULE: inventory
[32minfo[39m:    Skipped. Database is up-to-date for module.
[32minfo[39m:    
[32minfo[39m:    
[32minfo[39m:    MODULE: product
[32minfo[39m:    Skipped. Database is up-to-date for module.
[32minfo[39m:    
[32minfo[39m:    
[32minfo[39m:    MODULE: pricing
[32minfo[39m:    Skipped. Database is up-to-date for module.
[32minfo[39m:    
[32minfo[39m:    
[32minfo[39m:    MODULE: promotion
[32minfo[39m:    Skipped. Database is up-to-date for module.
[32minfo[39m:    
[32minfo[39m:    
[32minfo[39m:    MODULE: customer
[32minfo[39m:    Skipped. Database is up-to-date for module.
[32minfo[39m:    
[32minfo[39m:    
[32minfo[39m:    MODULE: sales_channel
[32minfo[39m:    Skipped. Database is up-to-date for module.
[32minfo[39m:    
[32minfo[39m:    
[32minfo[39m:    MODULE: cart
[32minfo[39m:    Skipped. Database is up-to-date for module.
[32minfo[39m:    
[32minfo[39m:    
[32minfo[39m:    MODULE: region
[32minfo[39m:    Skipped. Database is up-to-date for module.
[32minfo[39m:    
[32minfo[39m:    
[32minfo[39m:    MODULE: api_key
[32minfo[39m:    Skipped. Database is up-to-date for module.
[32minfo[39m:    
[32minfo[39m:    
[32minfo[39m:    MODULE: store
[32minfo[39m:    Skipped. Database is up-to-date for module.
[32minfo[39m:    
[32minfo[39m:    
[32minfo[39m:    MODULE: tax
[32minfo[39m:    Skipped. Database is up-to-date for module.
[32minfo[39m:    
[32minfo[39m:    
[32minfo[39m:    MODULE: currency
[32minfo[39m:    Skipped. Database is up-to-date for module.
[32minfo[39m:    
[32minfo[39m:    
[32minfo[39m:    MODULE: payment
[32minfo[39m:    Skipped. Database is up-to-date for module.
[32minfo[39m:    
[32minfo[39m:    
[32minfo[39m:    MODULE: order
[32minfo[39m:    Skipped. Database is up-to-date for module.
[32minfo[39m:    
[32minfo[39m:    
[32minfo[39m:    MODULE: settings
[32minfo[39m:    Skipped. Database is up-to-date for module.
[32minfo[39m:    
[32minfo[39m:    
[32minfo[39m:    MODULE: auth
[32minfo[39m:    Skipped. Database is up-to-date for module.
[32minfo[39m:    
[32minfo[39m:    
[32minfo[39m:    MODULE: auth
[32minfo[39m:    Skipped. Database is up-to-date for module.
[32minfo[39m:    
[32minfo[39m:    
[32minfo[39m:    MODULE: auth
[32minfo[39m:    Skipped. Database is up-to-date for module.
[32minfo[39m:    
[32minfo[39m:    
[32minfo[39m:    MODULE: user
[32minfo[39m:    Skipped. Database is up-to-date for module.
[32minfo[39m:    
[32minfo[39m:    
[32minfo[39m:    MODULE: fulfillment
[32minfo[39m:    Skipped. Database is up-to-date for module.
[32minfo[39m:    
[32minfo[39m:    
[32minfo[39m:    MODULE: fulfillment
[32minfo[39m:    Skipped. Database is up-to-date for module.
[32minfo[39m:    
[32minfo[39m:    
[32minfo[39m:    MODULE: fulfillment
[32minfo[39m:    Skipped. Database is up-to-date for module.
[32minfo[39m:    
[32minfo[39m:    
[32minfo[39m:    MODULE: notification
[32minfo[39m:    Skipped. Database is up-to-date for module.
[32minfo[39m:    
[32minfo[39m:    
[32minfo[39m:    MODULE: notification
[32minfo[39m:    Skipped. Database is up-to-date for module.
[32minfo[39m:    
[32minfo[39m:    
[32minfo[39m:    MODULE: notification
[32minfo[39m:    Skipped. Database is up-to-date for module.
[32minfo[39m:    
[32minfo[39m:    
[32minfo[39m:    MODULE: cache
[32minfo[39m:    Skipped. Database is up-to-date for module.
[32minfo[39m:    
[32minfo[39m:    
[32minfo[39m:    MODULE: event_bus
[32minfo[39m:    Skipped. Database is up-to-date for module.
[32minfo[39m:    
[32minfo[39m:    
[32minfo[39m:    MODULE: workflows
[32minfo[39m:    Skipped. Database is up-to-date for module.
[32minfo[39m:    
[32minfo[39m:    
[32minfo[39m:    MODULE: locking
[32minfo[39m:    Skipped. Database is up-to-date for module.
[32minfo[39m:    
[32minfo[39m:    
[32minfo[39m:    MODULE: file
[32minfo[39m:    Skipped. Database is up-to-date for module.
[32minfo[39m:    
[32minfo[39m:    
[32minfo[39m:    MODULE: file
[32minfo[39m:    Skipped. Database is up-to-date for module.
[32minfo[39m:    
[32minfo[39m:    
[32minfo[39m:    MODULE: file
[32minfo[39m:    Skipped. Database is up-to-date for module.
[32minfo[39m:    
[32minfo[39m:    
[32minfo[39m:    MODULE: rbac
[32minfo[39m:    Skipped. Database is up-to-date for module.
[32minfo[39m:    
[32minfo[39m:    
[32minfo[39m:    MODULE: recipe
[32minfo[39m:    Skipped. Database is up-to-date for module.
[32minfo[39m:    
[32minfo[39m:    
[32minfo[39m:    MODULE: storeLocator
[32minfo[39m:    Skipped. Database is up-to-date for module.
[32minfo[39m:    
[32minfo[39m:    Migrations completed
[32minfo[39m:    
[32minfo[39m:    Syncing links...
[32minfo[39m:    Database already up-to-date
[32minfo[39m:    
✅ SendGrid notification provider configured successfully
   From email: tcsteggroup@gmail.com
   API key: SG.UB26Twh...DVQE
✅ RBAC module configured
✅ Algolia search plugin configured
[32minfo[39m:    redisUrl not found. A fake redis instance will be used.
[32minfo[39m:    Using flag MEDUSA_FF_RBAC from environment with value true
[32minfo[39m:    No link to load from /Users/kannanramakrishnan/UnifiedCommerce/unifiedcommerce-store/node_modules/@medusajs/draft-order/.medusa/server/src/links. skipped.
[32minfo[39m:    No link to load from /Users/kannanramakrishnan/UnifiedCommerce/unifiedcommerce-store/node_modules/medusa-plugin-algolia/.medusa/server/src/links. skipped.
[33mwarn[39m:    Local Event Bus installed. This is not recommended for production.
[32minfo[39m:    Locking module: Using "in-memory" as default.
[32minfo[39m:    No pending migration scripts to execute
